#### Errors

Traceback (most recent call last):
        2: from /Users/jessicaleung/.rvm/rubies/ruby-2.5.1/bin/irb:11:in `<main>'
        1: from (irb):1
NameError (uninitialized constant DockingStation)

Type of error: NameError

File path of the error: /Users/jessicaleung/.rvm/rubies/ruby-2.5.1/bin/irb:11:in `<main>'

Line number of error: 2

This error appears when the code refers to a class or module that Ruby cannot find.

The error can be solved by declaring a class constant.
